[{"id":1,"parent_id":0,"name":"后台首页","url":"admin\/index\/index","icon":"fas fa-home","is_show":1,"sort_id":99,"log_method":"不记录"},{"id":2,"parent_id":0,"name":"系统管理","url":"admin\/sys","icon":"fas fa-desktop","is_show":1,"sort_id":1099,"log_method":"不记录"},{"id":3,"parent_id":2,"name":"用户管理","url":"admin\/admin_user\/index","icon":"fas fa-user","is_show":1,"sort_id":1000,"log_method":"不记录"},{"id":4,"parent_id":3,"name":"添加用户","url":"admin\/admin_user\/add","icon":"fas fa-plus","is_show":0,"sort_id":1000,"log_method":"POST"},{"id":5,"parent_id":3,"name":"修改用户","url":"admin\/admin_user\/edit","icon":"fas fa-edit","is_show":0,"sort_id":1000,"log_method":"POST"},{"id":6,"parent_id":3,"name":"删除用户","url":"admin\/admin_user\/del","icon":"fas fa-close","is_show":0,"sort_id":1000,"log_method":"POST"},{"id":7,"parent_id":2,"name":"角色管理","url":"admin\/admin_role\/index","icon":"fas fa-group","is_show":1,"sort_id":1000,"log_method":"不记录"},{"id":8,"parent_id":7,"name":"添加角色","url":"admin\/admin_role\/add","icon":"fas fa-plus","is_show":0,"sort_id":1000,"log_method":"POST"},{"id":9,"parent_id":7,"name":"修改角色","url":"admin\/admin_role\/edit","icon":"fas fa-edit","is_show":0,"sort_id":1000,"log_method":"POST"},{"id":10,"parent_id":7,"name":"删除角色","url":"admin\/admin_role\/del","icon":"fas fa-close","is_show":0,"sort_id":1000,"log_method":"POST"},{"id":11,"parent_id":7,"name":"角色授权","url":"admin\/admin_role\/access","icon":"fas fa-key","is_show":0,"sort_id":1000,"log_method":"POST"},{"id":12,"parent_id":2,"name":"菜单管理","url":"admin\/admin_menu\/index","icon":"fas fa-align-justify","is_show":1,"sort_id":1000,"log_method":"不记录"},{"id":13,"parent_id":12,"name":"添加菜单","url":"admin\/admin_menu\/add","icon":"fas fa-plus","is_show":0,"sort_id":1000,"log_method":"POST"},{"id":14,"parent_id":12,"name":"修改菜单","url":"admin\/admin_menu\/edit","icon":"fas fa-edit","is_show":0,"sort_id":1000,"log_method":"POST"},{"id":15,"parent_id":12,"name":"删除菜单","url":"admin\/admin_menu\/del","icon":"fas fa-close","is_show":0,"sort_id":1000,"log_method":"POST"},{"id":16,"parent_id":2,"name":"操作日志","url":"admin\/admin_log\/index","icon":"fas fa-keyboard-o","is_show":1,"sort_id":1000,"log_method":"不记录"},{"id":17,"parent_id":16,"name":"查看操作日志详情","url":"admin\/admin_log\/view","icon":"fas fa-search-plus","is_show":0,"sort_id":1000,"log_method":"不记录"},{"id":18,"parent_id":2,"name":"个人资料","url":"admin\/admin_user\/profile","icon":"fas fa-smile-o","is_show":1,"sort_id":1000,"log_method":"POST"},{"id":19,"parent_id":0,"name":"用户管理","url":"admin\/user\/mange","icon":"fas fa-users","is_show":1,"sort_id":1000,"log_method":"不记录"},{"id":20,"parent_id":19,"name":"用户管理","url":"admin\/user\/index","icon":"fas fa-user","is_show":1,"sort_id":1000,"log_method":"不记录"},{"id":21,"parent_id":20,"name":"添加用户","url":"admin\/user\/add","icon":"fas fa-plus","is_show":0,"sort_id":1000,"log_method":"POST"},{"id":22,"parent_id":20,"name":"修改用户","url":"admin\/user\/edit","icon":"fas fa-pencil","is_show":0,"sort_id":1000,"log_method":"POST"},{"id":23,"parent_id":20,"name":"删除用户","url":"admin\/user\/del","icon":"fas fa-trash","is_show":0,"sort_id":1000,"log_method":"POST"},{"id":24,"parent_id":20,"name":"启用用户","url":"admin\/user\/enable","icon":"fas fa-circle","is_show":0,"sort_id":1000,"log_method":"POST"},{"id":25,"parent_id":20,"name":"禁用用户","url":"admin\/user\/disable","icon":"fas fa-circle","is_show":0,"sort_id":1000,"log_method":"POST"},{"id":26,"parent_id":19,"name":"用户等级管理","url":"admin\/user_level\/index","icon":"fas fa-th-list","is_show":1,"sort_id":1000,"log_method":"不记录"},{"id":27,"parent_id":26,"name":"添加用户等级","url":"admin\/user_level\/add","icon":"fas fa-plus","is_show":0,"sort_id":1000,"log_method":"POST"},{"id":28,"parent_id":26,"name":"修改用户等级","url":"admin\/user_level\/edit","icon":"fas fa-pencil","is_show":0,"sort_id":1000,"log_method":"POST"},{"id":29,"parent_id":26,"name":"删除用户等级","url":"admin\/user_level\/del","icon":"fas fa-trash","is_show":0,"sort_id":1000,"log_method":"POST"},{"id":30,"parent_id":26,"name":"启用用户等级","url":"admin\/user_level\/enable","icon":"fas fa-circle","is_show":0,"sort_id":1000,"log_method":"POST"},{"id":31,"parent_id":26,"name":"禁用用户等级","url":"admin\/user_level\/disable","icon":"fas fa-circle","is_show":0,"sort_id":1000,"log_method":"POST"},{"id":32,"parent_id":2,"name":"开发管理","url":"admin\/develop\/manager","icon":"fas fa-code","is_show":1,"sort_id":1005,"log_method":"不记录"},{"id":33,"parent_id":32,"name":"代码生成","url":"admin\/generate\/index","icon":"fas fa-file-code-o","is_show":1,"sort_id":1000,"log_method":"不记录"},{"id":34,"parent_id":32,"name":"设置配置","url":"admin\/develop\/setting","icon":"fas fa-cogs","is_show":1,"sort_id":995,"log_method":"不记录"},{"id":35,"parent_id":34,"name":"设置管理","url":"admin\/setting\/index","icon":"fas fa-cog","is_show":1,"sort_id":1000,"log_method":"不记录"},{"id":36,"parent_id":35,"name":"添加设置","url":"admin\/setting\/add","icon":"fas fa-plus","is_show":0,"sort_id":1000,"log_method":"POST"},{"id":37,"parent_id":35,"name":"修改设置","url":"admin\/setting\/edit","icon":"fas fa-pencil","is_show":0,"sort_id":1000,"log_method":"POST"},{"id":38,"parent_id":35,"name":"删除设置","url":"admin\/setting\/del","icon":"fas fa-trash","is_show":0,"sort_id":1000,"log_method":"POST"},{"id":39,"parent_id":34,"name":"设置分组管理","url":"admin\/setting_group\/index","icon":"fas fa-list","is_show":1,"sort_id":1000,"log_method":"不记录"},{"id":40,"parent_id":39,"name":"添加设置分组","url":"admin\/setting_group\/add","icon":"fas fa-plus","is_show":0,"sort_id":1000,"log_method":"POST"},{"id":41,"parent_id":39,"name":"修改设置分组","url":"admin\/setting_group\/edit","icon":"fas fa-pencil","is_show":0,"sort_id":1000,"log_method":"POST"},{"id":42,"parent_id":39,"name":"删除设置分组","url":"admin\/setting_group\/del","icon":"fas fa-trash","is_show":0,"sort_id":1000,"log_method":"POST"},{"id":43,"parent_id":0,"name":"设置中心","url":"admin\/setting\/center","icon":"fas fa-cogs","is_show":1,"sort_id":1000,"log_method":"不记录"},{"id":44,"parent_id":43,"name":"所有配置","url":"admin\/setting\/all","icon":"fas fa-list","is_show":1,"sort_id":1000,"log_method":"不记录"},{"id":47,"parent_id":43,"name":"后台设置","url":"admin\/setting\/admin","icon":"fas fa-adjust","is_show":1,"sort_id":1000,"log_method":"不记录"},{"id":48,"parent_id":43,"name":"更新设置","url":"admin\/setting\/update","icon":"fas fa-pencil","is_show":0,"sort_id":1000,"log_method":"POST"},{"id":49,"parent_id":32,"name":"数据维护","url":"admin\/database\/table","icon":"fas fa-database","is_show":1,"sort_id":1000,"log_method":"不记录"},{"id":50,"parent_id":49,"name":"查看表详情","url":"admin\/database\/view","icon":"fas fa-eye","is_show":0,"sort_id":1000,"log_method":"不记录"},{"id":51,"parent_id":49,"name":"优化表","url":"admin\/database\/optimize","icon":"fas fa-refresh","is_show":0,"sort_id":1000,"log_method":"POST"},{"id":52,"parent_id":49,"name":"修复表","url":"admin\/database\/repair","icon":"fas fa-circle-o-notch","is_show":0,"sort_id":1000,"log_method":"POST"}]